// Jest Snapshot v1, https://goo.gl/fbAQLP

exports[`Beer Grid Menu component renders correctly 1`] = `
<div
  className="beerGridMenu"
>
  <div
    className="selectInputWrapper"
  >
    <label
      className="selectInputLabel"
    >
      Alcohol Volume
    </label>
    <select
      className="selectInput"
      name="gridFilter"
      onChange={[Function]}
      value="LOW_TO_HIGH"
    >
      <option
        value="LOW_TO_HIGH"
      >
        LOW_TO_HIGH
      </option>
      <option
        value="HIGH_TO_LOW"
      >
        HIGH_TO_LOW
      </option>
    </select>
  </div>
  <div
    className="beerGridMenuItems"
  >
    <div
      className="beerGridMenuItem"
    >
      <div
        className="image"
      >
        <img
          alt=""
          src="sdsds"
        />
      </div>
      <div
        className="name"
      >
        jupiter
      </div>
    </div>
    <div
      className="beerGridMenuItem"
    >
      <div
        className="image"
      >
        <img
          alt=""
          src="sdsds"
        />
      </div>
      <div
        className="name"
      >
        pluto
      </div>
    </div>
  </div>
</div>
`;
