// Jest Snapshot v1, https://goo.gl/fbAQLP

exports[`CarouselItem component renders correctly 1`] = `
<div
  className="carouselItem"
>
  <div
    className="image"
  >
    <img
      alt=""
      src="sdsds"
    />
  </div>
  <div
    className="description"
  >
    <h2>
      pluto
    </h2>
    description
  </div>
</div>
`;
