// Jest Snapshot v1, https://goo.gl/fbAQLP

exports[`Ingredients component renders correctly 1`] = `
<div
  className="ingredientsWrapper"
>
  <h6>
    <em>
      Ingredients
    </em>
  </h6>
  <div
    className="ingredients"
  >
    <div
      className="ingredient"
    >
      malt
    </div>
    <div
      className="ingredientDetails"
    >
      <span>
        malter
        <span
          className="ingredientAmount"
        >
           undefined
          undefined, 
        </span>
      </span>
    </div>
  </div>
  <div
    className="ingredients"
  >
    <div
      className="ingredient"
    >
      yeast
    </div>
    <div
      className="ingredientDetails"
    >
      salah
    </div>
  </div>
</div>
`;
